// Jest Snapshot v1, https://goo.gl/fbAQLP

exports[`should render LoadProgress correctly 1`] = `
<LoadProgress
  classes={
    Object {
      "divclass": "LoadProgress-divclass-2",
      "progress": "LoadProgress-progress-1",
    }
  }
/>
`;
