// Jest Snapshot v1, https://goo.gl/fbAQLP

exports[`<LoginFacebook /> should work 1`] = `
<WithStyles(Button)
  variant="raised"
>
  <FaFacebookSquare
    color="#3B5998"
    size={30}
  />
  Login With Facebook
</WithStyles(Button)>
`;
