// Jest Snapshot v1, https://goo.gl/fbAQLP

exports[`<LoginFacebook /> should work 1`] = `
<WithStyles(Button)
  variant="raised"
>
  <FaGithub
    color="#333"
    size={30}
  />
  Login With GitHub
</WithStyles(Button)>
`;
