// Jest Snapshot v1, https://goo.gl/fbAQLP

exports[`<MyLineChart /> should work 1`] = `
<WithStyles(Paper)
  elevation={4}
>
  <h3 />
  <div>
    <ResponsiveContainer
      debounce={0}
      height="100%"
      width="100%"
    >
      <LineChart
        barCategoryGap="10%"
        barGap={4}
        data={Array []}
        layout="horizontal"
        margin={
          Object {
            "bottom": 5,
            "left": 5,
            "right": 5,
            "top": 5,
          }
        }
        reverseStackOrder={false}
        stackOffset="none"
      >
        <Line
          activeDot={true}
          animateNewValues={true}
          animationBegin={0}
          animationDuration={1500}
          animationEasing="ease"
          connectNulls={false}
          dataKey="amount"
          dot={true}
          fill="#fff"
          hide={false}
          isAnimationActive={true}
          legendType="line"
          onAnimationEnd={[Function]}
          onAnimationStart={[Function]}
          points={Array []}
          stroke="#8884d8"
          strokeWidth={1}
          type="monotone"
          unit="â‚¬"
          xAxisId={0}
          yAxisId={0}
        />
        <CartesianGrid
          fill="none"
          horizontal={true}
          horizontalFill={Array []}
          horizontalPoints={Array []}
          stroke="#ccc"
          strokeDasharray="5 5"
          vertical={true}
          verticalFill={Array []}
          verticalPoints={Array []}
        />
        <XAxis
          allowDataOverflow={false}
          allowDecimals={true}
          allowDuplicatedCategory={true}
          dataKey="date"
          domain={
            Array [
              0,
              "auto",
            ]
          }
          height={30}
          hide={false}
          mirror={false}
          orientation="bottom"
          padding={
            Object {
              "left": 0,
              "right": 0,
            }
          }
          reversed={false}
          scale="auto"
          tickCount={5}
          type="category"
          width={0}
          xAxisId={0}
        />
        <YAxis
          allowDataOverflow={false}
          allowDecimals={true}
          allowDuplicatedCategory={true}
          domain={
            Array [
              0,
              "auto",
            ]
          }
          height={0}
          hide={false}
          mirror={false}
          orientation="left"
          padding={
            Object {
              "bottom": 0,
              "top": 0,
            }
          }
          reversed={false}
          scale="auto"
          tickCount={5}
          type="number"
          width={60}
          yAxisId={0}
        />
        <Tooltip
          active={false}
          animationDuration={400}
          animationEasing="ease"
          contentStyle={Object {}}
          coordinate={
            Object {
              "x": 0,
              "y": 0,
            }
          }
          cursor={true}
          cursorStyle={Object {}}
          filterNull={true}
          isAnimationActive={true}
          itemSorter={[Function]}
          itemStyle={Object {}}
          labelStyle={Object {}}
          offset={10}
          separator=" : "
          useTranslate3d={false}
          viewBox={
            Object {
              "x1": 0,
              "x2": 0,
              "y1": 0,
              "y2": 0,
            }
          }
          wrapperStyle={Object {}}
        />
      </LineChart>
    </ResponsiveContainer>
  </div>
</WithStyles(Paper)>
`;
