// Jest Snapshot v1, https://goo.gl/fbAQLP

exports[`<MyPieChart /> should work 1`] = `
<WithStyles(Paper)
  elevation={4}
>
  <h3 />
  <div>
    <ResponsiveContainer
      debounce={0}
      height="100%"
      width="100%"
    >
      <PieChart
        barCategoryGap="10%"
        barGap={4}
        cx="50%"
        cy="50%"
        endAngle={360}
        innerRadius={0}
        layout="centric"
        margin={
          Object {
            "bottom": 5,
            "left": 5,
            "right": 5,
            "top": 5,
          }
        }
        outerRadius="80%"
        reverseStackOrder={false}
        stackOffset="none"
        startAngle={0}
      >
        <Pie
          animationBegin={400}
          animationDuration={1500}
          animationEasing="ease"
          blendStroke={false}
          cx="50%"
          cy="40%"
          data={Array []}
          dataKey="MyPieChart"
          endAngle={360}
          fill="#8884d8"
          hide={false}
          innerRadius={0}
          isAnimationActive={true}
          label={[Function]}
          labelLine={false}
          legendType="rect"
          minAngle={0}
          nameKey="MyPieChart"
          outerRadius={120}
          paddingAngle={0}
          startAngle={0}
          stroke="#fff"
          unit="â‚¬"
        />
        <Tooltip
          active={false}
          animationDuration={400}
          animationEasing="ease"
          contentStyle={Object {}}
          coordinate={
            Object {
              "x": 0,
              "y": 0,
            }
          }
          cursor={true}
          cursorStyle={Object {}}
          filterNull={true}
          isAnimationActive={true}
          itemSorter={[Function]}
          itemStyle={Object {}}
          labelStyle={Object {}}
          offset={10}
          separator=" : "
          useTranslate3d={false}
          viewBox={
            Object {
              "x1": 0,
              "x2": 0,
              "y1": 0,
              "y2": 0,
            }
          }
          wrapperStyle={Object {}}
        />
        <Legend
          align="center"
          iconSize={14}
          layout="horizontal"
          verticalAlign="bottom"
        />
      </PieChart>
    </ResponsiveContainer>
  </div>
</WithStyles(Paper)>
`;
